.next/types/validator.ts(170,39): error TS2307: Cannot find module '../../app/api/tts/route.js' or its corresponding type declarations.
